[2026-08-26 07:03:52] local.ERROR: SQLSTATE[HY000] [1049] Unknown database 'laravel' (Connection: mysql, Host: 127.0.0.1, Port: 3306, Database: laravel, SQL: select * from `users`) {"exception":"[object] (Illuminate\\Database\\QueryException(code: 1049): SQLSTATE[HY000] [1049] Unknown database 'laravel' (Connection: mysql, Host: 127.0.0.1, Port: 3306, Database: laravel, SQL: select * from `users`) at C:/Users/STERLINK-OPS-LP/Downloads/2608-misbah/2608-misbah/sterlinknew/backend/vendor/laravel/framework/src/Illuminate/Database/Connection.php:857)
[stacktrace]
#0 C:/Users/STERLINK-OPS-LP/Downloads/2608-misbah/2608-misbah/sterlinknew/backend/vendor/laravel/framework/src/Illuminate/Database/Connection.php(813): Illuminate/Database/Connection->runQueryCallback()
#1 C:/Users/STERLINK-OPS-LP/Downloads/2608-misbah/2608-misbah/sterlinknew/backend/vendor/laravel/framework/src/Illuminate/Database/Connection.php(426): Illuminate/Database/Connection->run()
#2 C:/Users/STERLINK-OPS-LP/Downloads/2608-misbah/2608-misbah/sterlinknew/backend/vendor/laravel/framework/src/Illuminate/Database/Query/Builder.php(3629): Illuminate/Database/Connection->select()
#3 C:/Users/STERLINK-OPS-LP/Downloads/2608-misbah/2608-misbah/sterlinknew/backend/vendor/laravel/framework/src/Illuminate/Database/Query/Builder.php(3613): Illuminate/Database/Query/Builder->runSelect()
#4 C:/Users/STERLINK-OPS-LP/Downloads/2608-misbah/2608-misbah/sterlinknew/backend/vendor/laravel/framework/src/Illuminate/Database/Eloquent/Builder.php(930): Illuminate/Database/Query/Builder->get()
#5 C:/Users/STERLINK-OPS-LP/Downloads/2608-misbah/2608-misbah/sterlinknew/backend/vendor/laravel/framework/src/Illuminate/Database/Eloquent/Builder.php(912): Illuminate/Database/Eloquent/Builder->getModels()
#6 C:/Users/STERLINK-OPS-LP/Downloads/2608-misbah/2608-misbah/sterlinknew/backend/vendor/laravel/framework/src/Illuminate/Database/Eloquent/Model.php(839): Illuminate/Database/Eloquent/Builder->get()
#7 C:/Users/STERLINK-OPS-LP/Downloads/2608-misbah/2608-misbah/sterlinknew/backend/routes/api.php(20): Illuminate/Database/Eloquent/Model::all()
#8 C:/Users/STERLINK-OPS-LP/Downloads/2608-misbah/2608-misbah/sterlinknew/backend/vendor/laravel/framework/src/Illuminate/Routing/CallableDispatcher.php(39): Illuminate/Routing/RouteFileRegistrar->{closure:C:/Users/STERLINK-OPS-LP/Downloads/2608-misbah/2608-misbah/sterlinknew/backend/routes/api.php:19}()
#9 C:/Users/STERLINK-OPS-LP/Downloads/2608-misbah/2608-misbah/sterlinknew/backend/vendor/laravel/framework/src/Illuminate/Routing/Route.php(254): Illuminate/Routing/CallableDispatcher->dispatch()
#10 C:/Users/STERLINK-OPS-LP/Downloads/2608-misbah/2608-misbah/sterlinknew/backend/vendor/laravel/framework/src/Illuminate/Routing/Route.php(219): Illuminate/Routing/Route->runCallable()
#11 C:/Users/STERLINK-OPS-LP/Downloads/2608-misbah/2608-misbah/sterlinknew/backend/vendor/laravel/framework/src/Illuminate/Routing/Router.php(822): Illuminate/Routing/Route->run()
#12 C:/Users/STERLINK-OPS-LP/Downloads/2608-misbah/2608-misbah/sterlinknew/backend/vendor/laravel/framework/src/Illuminate/Pipeline/Pipeline.php(180): Illuminate/Routing/Router->{closure:Illuminate/Routing/Router::runRouteWithinStack():821}()
#13 C:/Users/STERLINK-OPS-LP/Downloads/2608-misbah/2608-misbah/sterlinknew/backend/vendor/laravel/framework/src/Illuminate/Routing/Middleware/SubstituteBindings.php(52): Illuminate/Pipeline/Pipeline->{closure:Illuminate/Pipeline/Pipeline::prepareDestination():178}()
#14 C:/Users/STERLINK-OPS-LP/Downloads/2608-misbah/2608-misbah/sterlinknew/backend/vendor/laravel/framework/src/Illuminate/Pipeline/Pipeline.php(219): Illuminate/Routing/Middleware/SubstituteBindings->handle()
#15 C:/Users/STERLINK-OPS-LP/Downloads/2608-misbah/2608-misbah/sterlinknew/backend/vendor/laravel/framework/src/Illuminate/Pipeline/Pipeline.php(137): Illuminate/Pipeline/Pipeline->{closure:{closure:Illuminate/Pipeline/Pipeline::carry():194}:195}()
#16 C:/Users/STERLINK-OPS-LP/Downloads/2608-misbah/2608-misbah/sterlinknew/backend/vendor/laravel/framework/src/Illuminate/Routing/Router.php(821): Illuminate/Pipeline/Pipeline->then()
#17 C:/Users/STERLINK-OPS-LP/Downloads/2608-misbah/2608-misbah/sterlinknew/backend/vendor/laravel/framework/src/Illuminate/Routing/Router.php(800): Illuminate/Routing/Router->runRouteWithinStack()
#18 C:/Users/STERLINK-OPS-LP/Downloads/2608-misbah/2608-misbah/sterlinknew/backend/vendor/laravel/framework/src/Illuminate/Routing/Router.php(764): Illuminate/Routing/Router->runRoute()
#19 C:/Users/STERLINK-OPS-LP/Downloads/2608-misbah/2608-misbah/sterlinknew/backend/vendor/laravel/framework/src/Illuminate/Routing/Router.php(753): Illuminate/Routing/Router->dispatchToRoute()
#20 C:/Users/STERLINK-OPS-LP/Downloads/2608-misbah/2608-misbah/sterlinknew/backend/vendor/laravel/framework/src/Illuminate/Foundation/Http/Kernel.php(200): Illuminate/Routing/Router->dispatch()
#21 C:/Users/STERLINK-OPS-LP/Downloads/2608-misbah/2608-misbah/sterlinknew/backend/vendor/laravel/framework/src/Illuminate/Pipeline/Pipeline.php(180): Illuminate/Foundation/Http/Kernel->{closure:Illuminate/Foundation/Http/Kernel::dispatchToRouter():197}()
#22 C:/Users/STERLINK-OPS-LP/Downloads/2608-misbah/2608-misbah/sterlinknew/backend/vendor/laravel/framework/src/Illuminate/Foundation/Http/Middleware/TransformsRequest.php(21): Illuminate/Pipeline/Pipeline->{closure:Illuminate/Pipeline/Pipeline::prepareDestination():178}()
#23 C:/Users/STERLINK-OPS-LP/Downloads/2608-misbah/2608-misbah/sterlinknew/backend/vendor/laravel/framework/src/Illuminate/Foundation/Http/Middleware/ConvertEmptyStringsToNull.php(31): Illuminate/Foundation/Http/Middleware/TransformsRequest->handle()
#24 C:/Users/STERLINK-OPS-LP/Downloads/2608-misbah/2608-misbah/sterlinknew/backend/vendor/laravel/framework/src/Illuminate/Pipeline/Pipeline.php(219): Illuminate/Foundation/Http/Middleware/ConvertEmptyStringsToNull->handle()
#25 C:/Users/STERLINK-OPS-LP/Downloads/2608-misbah/2608-misbah/sterlinknew/backend/vendor/laravel/framework/src/Illuminate/Foundation/Http/Middleware/TransformsRequest.php(21): Illuminate/Pipeline/Pipeline->{closure:{closure:Illuminate/Pipeline/Pipeline::carry():194}:195}()
#26 C:/Users/STERLINK-OPS-LP/Downloads/2608-misbah/2608-misbah/sterlinknew/backend/vendor/laravel/framework/src/Illuminate/Foundation/Http/Middleware/TrimStrings.php(51): Illuminate/Foundation/Http/Middleware/TransformsRequest->handle()
#27 C:/Users/STERLINK-OPS-LP/Downloads/2608-misbah/2608-misbah/sterlinknew/backend/vendor/laravel/framework/src/Illuminate/Pipeline/Pipeline.php(219): Illuminate/Foundation/Http/Middleware/TrimStrings->handle()
#28 C:/Users/STERLINK-OPS-LP/Downloads/2608-misbah/2608-misbah/sterlinknew/backend/vendor/laravel/framework/src/Illuminate/Http/Middleware/ValidatePostSize.php(27): Illuminate/Pipeline/Pipeline->{closure:{closure:Illuminate/Pipeline/Pipeline::carry():194}:195}()
#29 C:/Users/STERLINK-OPS-LP/Downloads/2608-misbah/2608-misbah/sterlinknew/backend/vendor/laravel/framework/src/Illuminate/Pipeline/Pipeline.php(219): Illuminate/Http/Middleware/ValidatePostSize->handle()
#30 C:/Users/STERLINK-OPS-LP/Downloads/2608-misbah/2608-misbah/sterlinknew/backend/vendor/laravel/framework/src/Illuminate/Foundation/Http/Middleware/PreventRequestsDuringMaintenance.php(110): Illuminate/Pipeline/Pipeline->{closure:{closure:Illuminate/Pipeline/Pipeline::carry():194}:195}()
#31 C:/Users/STERLINK-OPS-LP/Downloads/2608-misbah/2608-misbah/sterlinknew/backend/vendor/laravel/framework/src/Illuminate/Pipeline/Pipeline.php(219): Illuminate/Foundation/Http/Middleware/PreventRequestsDuringMaintenance->handle()
#32 C:/Users/STERLINK-OPS-LP/Downloads/2608-misbah/2608-misbah/sterlinknew/backend/vendor/laravel/framework/src/Illuminate/Http/Middleware/HandleCors.php(74): Illuminate/Pipeline/Pipeline->{closure:{closure:Illuminate/Pipeline/Pipeline::carry():194}:195}()
#33 C:/Users/STERLINK-OPS-LP/Downloads/2608-misbah/2608-misbah/sterlinknew/backend/vendor/laravel/framework/src/Illuminate/Pipeline/Pipeline.php(219): Illuminate/Http/Middleware/HandleCors->handle()
#34 C:/Users/STERLINK-OPS-LP/Downloads/2608-misbah/2608-misbah/sterlinknew/backend/vendor/laravel/framework/src/Illuminate/Http/Middleware/TrustProxies.php(58): Illuminate/Pipeline/Pipeline->{closure:{closure:Illuminate/Pipeline/Pipeline::carry():194}:195}()
#35 C:/Users/STERLINK-OPS-LP/Downloads/2608-misbah/2608-misbah/sterlinknew/backend/vendor/laravel/framework/src/Illuminate/Pipeline/Pipeline.php(219): Illuminate/Http/Middleware/TrustProxies->handle()
#36 C:/Users/STERLINK-OPS-LP/Downloads/2608-misbah/2608-misbah/sterlinknew/backend/vendor/laravel/framework/src/Illuminate/Foundation/Http/Middleware/InvokeDeferredCallbacks.php(22): Illuminate/Pipeline/Pipeline->{closure:{closure:Illuminate/Pipeline/Pipeline::carry():194}:195}()
#37 C:/Users/STERLINK-OPS-LP/Downloads/2608-misbah/2608-misbah/sterlinknew/backend/vendor/laravel/framework/src/Illuminate/Pipeline/Pipeline.php(219): Illuminate/Foundation/Http/Middleware/InvokeDeferredCallbacks->handle()
#38 C:/Users/STERLINK-OPS-LP/Downloads/2608-misbah/2608-misbah/sterlinknew/backend/vendor/laravel/framework/src/Illuminate/Http/Middleware/ValidatePathEncoding.php(28): Illuminate/Pipeline/Pipeline->{closure:{closure:Illuminate/Pipeline/Pipeline::carry():194}:195}()
#39 C:/Users/STERLINK-OPS-LP/Downloads/2608-misbah/2608-misbah/sterlinknew/backend/vendor/laravel/framework/src/Illuminate/Pipeline/Pipeline.php(219): Illuminate/Http/Middleware/ValidatePathEncoding->handle()
#40 C:/Users/STERLINK-OPS-LP/Downloads/2608-misbah/2608-misbah/sterlinknew/backend/vendor/laravel/framework/src/Illuminate/Pipeline/Pipeline.php(137): Illuminate/Pipeline/Pipeline->{closure:{closure:Illuminate/Pipeline/Pipeline::carry():194}:195}()
#41 C:/Users/STERLINK-OPS-LP/Downloads/2608-misbah/2608-misbah/sterlinknew/backend/vendor/laravel/framework/src/Illuminate/Foundation/Http/Kernel.php(175): Illuminate/Pipeline/Pipeline->then()
#42 C:/Users/STERLINK-OPS-LP/Downloads/2608-misbah/2608-misbah/sterlinknew/backend/vendor/laravel/framework/src/Illuminate/Foundation/Http/Kernel.php(144): Illuminate/Foundation/Http/Kernel->sendRequestThroughRouter()
#43 C:/Users/STERLINK-OPS-LP/Downloads/2608-misbah/2608-misbah/sterlinknew/backend/vendor/laravel/framework/src/Illuminate/Foundation/Application.php(1227): Illuminate/Foundation/Http/Kernel->handle()
#44 C:/Users/STERLINK-OPS-LP/Downloads/2608-misbah/2608-misbah/sterlinknew/backend/public/index.php(20): Illuminate/Foundation/Application->handleRequest()
#45 C:/Users/STERLINK-OPS-LP/Downloads/2608-misbah/2608-misbah/sterlinknew/backend/vendor/laravel/framework/src/Illuminate/Foundation/resources/server.php(23): require_once('...')
#46 {main}

[previous exception] [object] (PDOException(code: 1049): SQLSTATE[HY000] [1049] Unknown database 'laravel' at C:/Users/STERLINK-OPS-LP/Downloads/2608-misbah/2608-misbah/sterlinknew/backend/vendor/laravel/framework/src/Illuminate/Database/Connectors/Connector.php:67)
[stacktrace]
#0 C:/Users/STERLINK-OPS-LP/Downloads/2608-misbah/2608-misbah/sterlinknew/backend/vendor/laravel/framework/src/Illuminate/Database/Connectors/Connector.php(67): PDO::connect()
#1 C:/Users/STERLINK-OPS-LP/Downloads/2608-misbah/2608-misbah/sterlinknew/backend/vendor/laravel/framework/src/Illuminate/Database/Connectors/Connector.php(44): Illuminate/Database/Connectors/Connector->createPdoConnection()
#2 C:/Users/STERLINK-OPS-LP/Downloads/2608-misbah/2608-misbah/sterlinknew/backend/vendor/laravel/framework/src/Illuminate/Database/Connectors/MySqlConnector.php(24): Illuminate/Database/Connectors/Connector->createConnection()
#3 C:/Users/STERLINK-OPS-LP/Downloads/2608-misbah/2608-misbah/sterlinknew/backend/vendor/laravel/framework/src/Illuminate/Database/Connectors/ConnectionFactory.php(220): Illuminate/Database/Connectors/MySqlConnector->connect()
#4 [internal function]: Illuminate/Database/Connectors/ConnectionFactory->{closure:Illuminate/Database/Connectors/ConnectionFactory::createPdoResolverWithHosts():213}()
#5 C:/Users/STERLINK-OPS-LP/Downloads/2608-misbah/2608-misbah/sterlinknew/backend/vendor/laravel/framework/src/Illuminate/Database/Connection.php(1298): call_user_func()
#6 C:/Users/STERLINK-OPS-LP/Downloads/2608-misbah/2608-misbah/sterlinknew/backend/vendor/laravel/framework/src/Illuminate/Database/Connection.php(1336): Illuminate/Database/Connection->getPdo()
#7 C:/Users/STERLINK-OPS-LP/Downloads/2608-misbah/2608-misbah/sterlinknew/backend/vendor/laravel/framework/src/Illuminate/Database/Connection.php(542): Illuminate/Database/Connection->getReadPdo()
#8 C:/Users/STERLINK-OPS-LP/Downloads/2608-misbah/2608-misbah/sterlinknew/backend/vendor/laravel/framework/src/Illuminate/Database/Connection.php(435): Illuminate/Database/Connection->getPdoForSelect()
#9 C:/Users/STERLINK-OPS-LP/Downloads/2608-misbah/2608-misbah/sterlinknew/backend/vendor/laravel/framework/src/Illuminate/Database/Connection.php(846): Illuminate/Database/Connection->{closure:Illuminate/Database/Connection::select():426}()
#10 C:/Users/STERLINK-OPS-LP/Downloads/2608-misbah/2608-misbah/sterlinknew/backend/vendor/laravel/framework/src/Illuminate/Database/Connection.php(813): Illuminate/Database/Connection->runQueryCallback()
#11 C:/Users/STERLINK-OPS-LP/Downloads/2608-misbah/2608-misbah/sterlinknew/backend/vendor/laravel/framework/src/Illuminate/Database/Connection.php(426): Illuminate/Database/Connection->run()
#12 C:/Users/STERLINK-OPS-LP/Downloads/2608-misbah/2608-misbah/sterlinknew/backend/vendor/laravel/framework/src/Illuminate/Database/Query/Builder.php(3629): Illuminate/Database/Connection->select()
#13 C:/Users/STERLINK-OPS-LP/Downloads/2608-misbah/2608-misbah/sterlinknew/backend/vendor/laravel/framework/src/Illuminate/Database/Query/Builder.php(3613): Illuminate/Database/Query/Builder->runSelect()
#14 C:/Users/STERLINK-OPS-LP/Downloads/2608-misbah/2608-misbah/sterlinknew/backend/vendor/laravel/framework/src/Illuminate/Database/Eloquent/Builder.php(930): Illuminate/Database/Query/Builder->get()
#15 C:/Users/STERLINK-OPS-LP/Downloads/2608-misbah/2608-misbah/sterlinknew/backend/vendor/laravel/framework/src/Illuminate/Database/Eloquent/Builder.php(912): Illuminate/Database/Eloquent/Builder->getModels()
#16 C:/Users/STERLINK-OPS-LP/Downloads/2608-misbah/2608-misbah/sterlinknew/backend/vendor/laravel/framework/src/Illuminate/Database/Eloquent/Model.php(839): Illuminate/Database/Eloquent/Builder->get()
#17 C:/Users/STERLINK-OPS-LP/Downloads/2608-misbah/2608-misbah/sterlinknew/backend/routes/api.php(20): Illuminate/Database/Eloquent/Model::all()
#18 C:/Users/STERLINK-OPS-LP/Downloads/2608-misbah/2608-misbah/sterlinknew/backend/vendor/laravel/framework/src/Illuminate/Routing/CallableDispatcher.php(39): Illuminate/Routing/RouteFileRegistrar->{closure:C:/Users/STERLINK-OPS-LP/Downloads/2608-misbah/2608-misbah/sterlinknew/backend/routes/api.php:19}()
#19 C:/Users/STERLINK-OPS-LP/Downloads/2608-misbah/2608-misbah/sterlinknew/backend/vendor/laravel/framework/src/Illuminate/Routing/Route.php(254): Illuminate/Routing/CallableDispatcher->dispatch()
#20 C:/Users/STERLINK-OPS-LP/Downloads/2608-misbah/2608-misbah/sterlinknew/backend/vendor/laravel/framework/src/Illuminate/Routing/Route.php(219): Illuminate/Routing/Route->runCallable()
#21 C:/Users/STERLINK-OPS-LP/Downloads/2608-misbah/2608-misbah/sterlinknew/backend/vendor/laravel/framework/src/Illuminate/Routing/Router.php(822): Illuminate/Routing/Route->run()
#22 C:/Users/STERLINK-OPS-LP/Downloads/2608-misbah/2608-misbah/sterlinknew/backend/vendor/laravel/framework/src/Illuminate/Pipeline/Pipeline.php(180): Illuminate/Routing/Router->{closure:Illuminate/Routing/Router::runRouteWithinStack():821}()
#23 C:/Users/STERLINK-OPS-LP/Downloads/2608-misbah/2608-misbah/sterlinknew/backend/vendor/laravel/framework/src/Illuminate/Routing/Middleware/SubstituteBindings.php(52): Illuminate/Pipeline/Pipeline->{closure:Illuminate/Pipeline/Pipeline::prepareDestination():178}()
#24 C:/Users/STERLINK-OPS-LP/Downloads/2608-misbah/2608-misbah/sterlinknew/backend/vendor/laravel/framework/src/Illuminate/Pipeline/Pipeline.php(219): Illuminate/Routing/Middleware/SubstituteBindings->handle()
#25 C:/Users/STERLINK-OPS-LP/Downloads/2608-misbah/2608-misbah/sterlinknew/backend/vendor/laravel/framework/src/Illuminate/Pipeline/Pipeline.php(137): Illuminate/Pipeline/Pipeline->{closure:{closure:Illuminate/Pipeline/Pipeline::carry():194}:195}()
#26 C:/Users/STERLINK-OPS-LP/Downloads/2608-misbah/2608-misbah/sterlinknew/backend/vendor/laravel/framework/src/Illuminate/Routing/Router.php(821): Illuminate/Pipeline/Pipeline->then()
#27 C:/Users/STERLINK-OPS-LP/Downloads/2608-misbah/2608-misbah/sterlinknew/backend/vendor/laravel/framework/src/Illuminate/Routing/Router.php(800): Illuminate/Routing/Router->runRouteWithinStack()
#28 C:/Users/STERLINK-OPS-LP/Downloads/2608-misbah/2608-misbah/sterlinknew/backend/vendor/laravel/framework/src/Illuminate/Routing/Router.php(764): Illuminate/Routing/Router->runRoute()
#29 C:/Users/STERLINK-OPS-LP/Downloads/2608-misbah/2608-misbah/sterlinknew/backend/vendor/laravel/framework/src/Illuminate/Routing/Router.php(753): Illuminate/Routing/Router->dispatchToRoute()
#30 C:/Users/STERLINK-OPS-LP/Downloads/2608-misbah/2608-misbah/sterlinknew/backend/vendor/laravel/framework/src/Illuminate/Foundation/Http/Kernel.php(200): Illuminate/Routing/Router->dispatch()
#31 C:/Users/STERLINK-OPS-LP/Downloads/2608-misbah/2608-misbah/sterlinknew/backend/vendor/laravel/framework/src/Illuminate/Pipeline/Pipeline.php(180): Illuminate/Foundation/Http/Kernel->{closure:Illuminate/Foundation/Http/Kernel::dispatchToRouter():197}()
#32 C:/Users/STERLINK-OPS-LP/Downloads/2608-misbah/2608-misbah/sterlinknew/backend/vendor/laravel/framework/src/Illuminate/Foundation/Http/Middleware/TransformsRequest.php(21): Illuminate/Pipeline/Pipeline->{closure:Illuminate/Pipeline/Pipeline::prepareDestination():178}()
#33 C:/Users/STERLINK-OPS-LP/Downloads/2608-misbah/2608-misbah/sterlinknew/backend/vendor/laravel/framework/src/Illuminate/Foundation/Http/Middleware/ConvertEmptyStringsToNull.php(31): Illuminate/Foundation/Http/Middleware/TransformsRequest->handle()
#34 C:/Users/STERLINK-OPS-LP/Downloads/2608-misbah/2608-misbah/sterlinknew/backend/vendor/laravel/framework/src/Illuminate/Pipeline/Pipeline.php(219): Illuminate/Foundation/Http/Middleware/ConvertEmptyStringsToNull->handle()
#35 C:/Users/STERLINK-OPS-LP/Downloads/2608-misbah/2608-misbah/sterlinknew/backend/vendor/laravel/framework/src/Illuminate/Foundation/Http/Middleware/TransformsRequest.php(21): Illuminate/Pipeline/Pipeline->{closure:{closure:Illuminate/Pipeline/Pipeline::carry():194}:195}()
#36 C:/Users/STERLINK-OPS-LP/Downloads/2608-misbah/2608-misbah/sterlinknew/backend/vendor/laravel/framework/src/Illuminate/Foundation/Http/Middleware/TrimStrings.php(51): Illuminate/Foundation/Http/Middleware/TransformsRequest->handle()
#37 C:/Users/STERLINK-OPS-LP/Downloads/2608-misbah/2608-misbah/sterlinknew/backend/vendor/laravel/framework/src/Illuminate/Pipeline/Pipeline.php(219): Illuminate/Foundation/Http/Middleware/TrimStrings->handle()
#38 C:/Users/STERLINK-OPS-LP/Downloads/2608-misbah/2608-misbah/sterlinknew/backend/vendor/laravel/framework/src/Illuminate/Http/Middleware/ValidatePostSize.php(27): Illuminate/Pipeline/Pipeline->{closure:{closure:Illuminate/Pipeline/Pipeline::carry():194}:195}()
#39 C:/Users/STERLINK-OPS-LP/Downloads/2608-misbah/2608-misbah/sterlinknew/backend/vendor/laravel/framework/src/Illuminate/Pipeline/Pipeline.php(219): Illuminate/Http/Middleware/ValidatePostSize->handle()
#40 C:/Users/STERLINK-OPS-LP/Downloads/2608-misbah/2608-misbah/sterlinknew/backend/vendor/laravel/framework/src/Illuminate/Foundation/Http/Middleware/PreventRequestsDuringMaintenance.php(110): Illuminate/Pipeline/Pipeline->{closure:{closure:Illuminate/Pipeline/Pipeline::carry():194}:195}()
#41 C:/Users/STERLINK-OPS-LP/Downloads/2608-misbah/2608-misbah/sterlinknew/backend/vendor/laravel/framework/src/Illuminate/Pipeline/Pipeline.php(219): Illuminate/Foundation/Http/Middleware/PreventRequestsDuringMaintenance->handle()
#42 C:/Users/STERLINK-OPS-LP/Downloads/2608-misbah/2608-misbah/sterlinknew/backend/vendor/laravel/framework/src/Illuminate/Http/Middleware/HandleCors.php(74): Illuminate/Pipeline/Pipeline->{closure:{closure:Illuminate/Pipeline/Pipeline::carry():194}:195}()
#43 C:/Users/STERLINK-OPS-LP/Downloads/2608-misbah/2608-misbah/sterlinknew/backend/vendor/laravel/framework/src/Illuminate/Pipeline/Pipeline.php(219): Illuminate/Http/Middleware/HandleCors->handle()
#44 C:/Users/STERLINK-OPS-LP/Downloads/2608-misbah/2608-misbah/sterlinknew/backend/vendor/laravel/framework/src/Illuminate/Http/Middleware/TrustProxies.php(58): Illuminate/Pipeline/Pipeline->{closure:{closure:Illuminate/Pipeline/Pipeline::carry():194}:195}()
#45 C:/Users/STERLINK-OPS-LP/Downloads/2608-misbah/2608-misbah/sterlinknew/backend/vendor/laravel/framework/src/Illuminate/Pipeline/Pipeline.php(219): Illuminate/Http/Middleware/TrustProxies->handle()
#46 C:/Users/STERLINK-OPS-LP/Downloads/2608-misbah/2608-misbah/sterlinknew/backend/vendor/laravel/framework/src/Illuminate/Foundation/Http/Middleware/InvokeDeferredCallbacks.php(22): Illuminate/Pipeline/Pipeline->{closure:{closure:Illuminate/Pipeline/Pipeline::carry():194}:195}()
#47 C:/Users/STERLINK-OPS-LP/Downloads/2608-misbah/2608-misbah/sterlinknew/backend/vendor/laravel/framework/src/Illuminate/Pipeline/Pipeline.php(219): Illuminate/Foundation/Http/Middleware/InvokeDeferredCallbacks->handle()
#48 C:/Users/STERLINK-OPS-LP/Downloads/2608-misbah/2608-misbah/sterlinknew/backend/vendor/laravel/framework/src/Illuminate/Http/Middleware/ValidatePathEncoding.php(28): Illuminate/Pipeline/Pipeline->{closure:{closure:Illuminate/Pipeline/Pipeline::carry():194}:195}()
#49 C:/Users/STERLINK-OPS-LP/Downloads/2608-misbah/2608-misbah/sterlinknew/backend/vendor/laravel/framework/src/Illuminate/Pipeline/Pipeline.php(219): Illuminate/Http/Middleware/ValidatePathEncoding->handle()
#50 C:/Users/STERLINK-OPS-LP/Downloads/2608-misbah/2608-misbah/sterlinknew/backend/vendor/laravel/framework/src/Illuminate/Pipeline/Pipeline.php(137): Illuminate/Pipeline/Pipeline->{closure:{closure:Illuminate/Pipeline/Pipeline::carry():194}:195}()
#51 C:/Users/STERLINK-OPS-LP/Downloads/2608-misbah/2608-misbah/sterlinknew/backend/vendor/laravel/framework/src/Illuminate/Foundation/Http/Kernel.php(175): Illuminate/Pipeline/Pipeline->then()
#52 C:/Users/STERLINK-OPS-LP/Downloads/2608-misbah/2608-misbah/sterlinknew/backend/vendor/laravel/framework/src/Illuminate/Foundation/Http/Kernel.php(144): Illuminate/Foundation/Http/Kernel->sendRequestThroughRouter()
#53 C:/Users/STERLINK-OPS-LP/Downloads/2608-misbah/2608-misbah/sterlinknew/backend/vendor/laravel/framework/src/Illuminate/Foundation/Application.php(1227): Illuminate/Foundation/Http/Kernel->handle()
#54 C:/Users/STERLINK-OPS-LP/Downloads/2608-misbah/2608-misbah/sterlinknew/backend/public/index.php(20): Illuminate/Foundation/Application->handleRequest()
#55 C:/Users/STERLINK-OPS-LP/Downloads/2608-misbah/2608-misbah/sterlinknew/backend/vendor/laravel/framework/src/Illuminate/Foundation/resources/server.php(23): require_once('...')
#56 {main}
"} 
[2026-08-28 03:25:03] testing.ERROR: No application encryption key has been specified. {"exception":"[object] (Illuminate\\Encryption\\MissingAppKeyException(code: 0): No application encryption key has been specified. at C:/Users/STERLINK-OPS-LP/Documents/2608/sterlinknew/backend/vendor/laravel/framework/src/Illuminate/Encryption/EncryptionServiceProvider.php:83)
[stacktrace]
#0 C:/Users/STERLINK-OPS-LP/Documents/2608/sterlinknew/backend/vendor/laravel/framework/src/Illuminate/Support/helpers.php(393): Illuminate/Encryption/EncryptionServiceProvider->{closure:Illuminate/Encryption/EncryptionServiceProvider::key():81}()
#1 C:/Users/STERLINK-OPS-LP/Documents/2608/sterlinknew/backend/vendor/laravel/framework/src/Illuminate/Encryption/EncryptionServiceProvider.php(81): tap()
#2 C:/Users/STERLINK-OPS-LP/Documents/2608/sterlinknew/backend/vendor/laravel/framework/src/Illuminate/Encryption/EncryptionServiceProvider.php(64): Illuminate/Encryption/EncryptionServiceProvider->key()
#3 C:/Users/STERLINK-OPS-LP/Documents/2608/sterlinknew/backend/vendor/laravel/framework/src/Illuminate/Encryption/EncryptionServiceProvider.php(32): Illuminate/Encryption/EncryptionServiceProvider->parseKey()
#4 C:/Users/STERLINK-OPS-LP/Documents/2608/sterlinknew/backend/vendor/laravel/framework/src/Illuminate/Container/Container.php(1140): Illuminate/Encryption/EncryptionServiceProvider->{closure:Illuminate/Encryption/EncryptionServiceProvider::registerEncrypter():29}()
#5 C:/Users/STERLINK-OPS-LP/Documents/2608/sterlinknew/backend/vendor/laravel/framework/src/Illuminate/Container/Container.php(939): Illuminate/Container/Container->build()
#6 C:/Users/STERLINK-OPS-LP/Documents/2608/sterlinknew/backend/vendor/laravel/framework/src/Illuminate/Foundation/Application.php(1085): Illuminate/Container/Container->resolve()
#7 C:/Users/STERLINK-OPS-LP/Documents/2608/sterlinknew/backend/vendor/laravel/framework/src/Illuminate/Container/Container.php(867): Illuminate/Foundation/Application->resolve()
#8 C:/Users/STERLINK-OPS-LP/Documents/2608/sterlinknew/backend/vendor/laravel/framework/src/Illuminate/Foundation/Application.php(1065): Illuminate/Container/Container->make()
#9 C:/Users/STERLINK-OPS-LP/Documents/2608/sterlinknew/backend/vendor/laravel/framework/src/Illuminate/Container/Container.php(1361): Illuminate/Foundation/Application->make()
#10 C:/Users/STERLINK-OPS-LP/Documents/2608/sterlinknew/backend/vendor/laravel/framework/src/Illuminate/Container/Container.php(1262): Illuminate/Container/Container->resolveClass()
#11 C:/Users/STERLINK-OPS-LP/Documents/2608/sterlinknew/backend/vendor/laravel/framework/src/Illuminate/Container/Container.php(1187): Illuminate/Container/Container->resolveDependencies()
#12 C:/Users/STERLINK-OPS-LP/Documents/2608/sterlinknew/backend/vendor/laravel/framework/src/Illuminate/Container/Container.php(939): Illuminate/Container/Container->build()
#13 C:/Users/STERLINK-OPS-LP/Documents/2608/sterlinknew/backend/vendor/laravel/framework/src/Illuminate/Foundation/Application.php(1085): Illuminate/Container/Container->resolve()
#14 C:/Users/STERLINK-OPS-LP/Documents/2608/sterlinknew/backend/vendor/laravel/framework/src/Illuminate/Container/Container.php(867): Illuminate/Foundation/Application->resolve()
#15 C:/Users/STERLINK-OPS-LP/Documents/2608/sterlinknew/backend/vendor/laravel/framework/src/Illuminate/Foundation/Application.php(1065): Illuminate/Container/Container->make()
#16 C:/Users/STERLINK-OPS-LP/Documents/2608/sterlinknew/backend/vendor/laravel/framework/src/Illuminate/Pipeline/Pipeline.php(208): Illuminate/Foundation/Application->make()
#17 C:/Users/STERLINK-OPS-LP/Documents/2608/sterlinknew/backend/vendor/laravel/framework/src/Illuminate/Pipeline/Pipeline.php(137): Illuminate/Pipeline/Pipeline->{closure:{closure:Illuminate/Pipeline/Pipeline::carry():194}:195}()
#18 C:/Users/STERLINK-OPS-LP/Documents/2608/sterlinknew/backend/vendor/laravel/framework/src/Illuminate/Routing/Router.php(821): Illuminate/Pipeline/Pipeline->then()
#19 C:/Users/STERLINK-OPS-LP/Documents/2608/sterlinknew/backend/vendor/laravel/framework/src/Illuminate/Routing/Router.php(800): Illuminate/Routing/Router->runRouteWithinStack()
#20 C:/Users/STERLINK-OPS-LP/Documents/2608/sterlinknew/backend/vendor/laravel/framework/src/Illuminate/Routing/Router.php(764): Illuminate/Routing/Router->runRoute()
#21 C:/Users/STERLINK-OPS-LP/Documents/2608/sterlinknew/backend/vendor/laravel/framework/src/Illuminate/Routing/Router.php(753): Illuminate/Routing/Router->dispatchToRoute()
#22 C:/Users/STERLINK-OPS-LP/Documents/2608/sterlinknew/backend/vendor/laravel/framework/src/Illuminate/Foundation/Http/Kernel.php(200): Illuminate/Routing/Router->dispatch()
#23 C:/Users/STERLINK-OPS-LP/Documents/2608/sterlinknew/backend/vendor/laravel/framework/src/Illuminate/Pipeline/Pipeline.php(180): Illuminate/Foundation/Http/Kernel->{closure:Illuminate/Foundation/Http/Kernel::dispatchToRouter():197}()
#24 C:/Users/STERLINK-OPS-LP/Documents/2608/sterlinknew/backend/vendor/laravel/framework/src/Illuminate/Foundation/Http/Middleware/TransformsRequest.php(21): Illuminate/Pipeline/Pipeline->{closure:Illuminate/Pipeline/Pipeline::prepareDestination():178}()
#25 C:/Users/STERLINK-OPS-LP/Documents/2608/sterlinknew/backend/vendor/laravel/framework/src/Illuminate/Foundation/Http/Middleware/ConvertEmptyStringsToNull.php(31): Illuminate/Foundation/Http/Middleware/TransformsRequest->handle()
#26 C:/Users/STERLINK-OPS-LP/Documents/2608/sterlinknew/backend/vendor/laravel/framework/src/Illuminate/Pipeline/Pipeline.php(219): Illuminate/Foundation/Http/Middleware/ConvertEmptyStringsToNull->handle()
#27 C:/Users/STERLINK-OPS-LP/Documents/2608/sterlinknew/backend/vendor/laravel/framework/src/Illuminate/Foundation/Http/Middleware/TransformsRequest.php(21): Illuminate/Pipeline/Pipeline->{closure:{closure:Illuminate/Pipeline/Pipeline::carry():194}:195}()
#28 C:/Users/STERLINK-OPS-LP/Documents/2608/sterlinknew/backend/vendor/laravel/framework/src/Illuminate/Foundation/Http/Middleware/TrimStrings.php(51): Illuminate/Foundation/Http/Middleware/TransformsRequest->handle()
#29 C:/Users/STERLINK-OPS-LP/Documents/2608/sterlinknew/backend/vendor/laravel/framework/src/Illuminate/Pipeline/Pipeline.php(219): Illuminate/Foundation/Http/Middleware/TrimStrings->handle()
#30 C:/Users/STERLINK-OPS-LP/Documents/2608/sterlinknew/backend/vendor/laravel/framework/src/Illuminate/Http/Middleware/ValidatePostSize.php(27): Illuminate/Pipeline/Pipeline->{closure:{closure:Illuminate/Pipeline/Pipeline::carry():194}:195}()
#31 C:/Users/STERLINK-OPS-LP/Documents/2608/sterlinknew/backend/vendor/laravel/framework/src/Illuminate/Pipeline/Pipeline.php(219): Illuminate/Http/Middleware/ValidatePostSize->handle()
#32 C:/Users/STERLINK-OPS-LP/Documents/2608/sterlinknew/backend/vendor/laravel/framework/src/Illuminate/Foundation/Http/Middleware/PreventRequestsDuringMaintenance.php(110): Illuminate/Pipeline/Pipeline->{closure:{closure:Illuminate/Pipeline/Pipeline::carry():194}:195}()
#33 C:/Users/STERLINK-OPS-LP/Documents/2608/sterlinknew/backend/vendor/laravel/framework/src/Illuminate/Pipeline/Pipeline.php(219): Illuminate/Foundation/Http/Middleware/PreventRequestsDuringMaintenance->handle()
#34 C:/Users/STERLINK-OPS-LP/Documents/2608/sterlinknew/backend/vendor/laravel/framework/src/Illuminate/Http/Middleware/HandleCors.php(61): Illuminate/Pipeline/Pipeline->{closure:{closure:Illuminate/Pipeline/Pipeline::carry():194}:195}()
#35 C:/Users/STERLINK-OPS-LP/Documents/2608/sterlinknew/backend/vendor/laravel/framework/src/Illuminate/Pipeline/Pipeline.php(219): Illuminate/Http/Middleware/HandleCors->handle()
#36 C:/Users/STERLINK-OPS-LP/Documents/2608/sterlinknew/backend/vendor/laravel/framework/src/Illuminate/Http/Middleware/TrustProxies.php(58): Illuminate/Pipeline/Pipeline->{closure:{closure:Illuminate/Pipeline/Pipeline::carry():194}:195}()
#37 C:/Users/STERLINK-OPS-LP/Documents/2608/sterlinknew/backend/vendor/laravel/framework/src/Illuminate/Pipeline/Pipeline.php(219): Illuminate/Http/Middleware/TrustProxies->handle()
#38 C:/Users/STERLINK-OPS-LP/Documents/2608/sterlinknew/backend/vendor/laravel/framework/src/Illuminate/Foundation/Http/Middleware/InvokeDeferredCallbacks.php(22): Illuminate/Pipeline/Pipeline->{closure:{closure:Illuminate/Pipeline/Pipeline::carry():194}:195}()
#39 C:/Users/STERLINK-OPS-LP/Documents/2608/sterlinknew/backend/vendor/laravel/framework/src/Illuminate/Pipeline/Pipeline.php(219): Illuminate/Foundation/Http/Middleware/InvokeDeferredCallbacks->handle()
#40 C:/Users/STERLINK-OPS-LP/Documents/2608/sterlinknew/backend/vendor/laravel/framework/src/Illuminate/Http/Middleware/ValidatePathEncoding.php(28): Illuminate/Pipeline/Pipeline->{closure:{closure:Illuminate/Pipeline/Pipeline::carry():194}:195}()
#41 C:/Users/STERLINK-OPS-LP/Documents/2608/sterlinknew/backend/vendor/laravel/framework/src/Illuminate/Pipeline/Pipeline.php(219): Illuminate/Http/Middleware/ValidatePathEncoding->handle()
#42 C:/Users/STERLINK-OPS-LP/Documents/2608/sterlinknew/backend/vendor/laravel/framework/src/Illuminate/Pipeline/Pipeline.php(137): Illuminate/Pipeline/Pipeline->{closure:{closure:Illuminate/Pipeline/Pipeline::carry():194}:195}()
#43 C:/Users/STERLINK-OPS-LP/Documents/2608/sterlinknew/backend/vendor/laravel/framework/src/Illuminate/Foundation/Http/Kernel.php(175): Illuminate/Pipeline/Pipeline->then()
#44 C:/Users/STERLINK-OPS-LP/Documents/2608/sterlinknew/backend/vendor/laravel/framework/src/Illuminate/Foundation/Http/Kernel.php(144): Illuminate/Foundation/Http/Kernel->sendRequestThroughRouter()
#45 C:/Users/STERLINK-OPS-LP/Documents/2608/sterlinknew/backend/vendor/laravel/framework/src/Illuminate/Foundation/Testing/Concerns/MakesHttpRequests.php(638): Illuminate/Foundation/Http/Kernel->handle()
#46 C:/Users/STERLINK-OPS-LP/Documents/2608/sterlinknew/backend/vendor/laravel/framework/src/Illuminate/Foundation/Testing/Concerns/MakesHttpRequests.php(368): Illuminate/Foundation/Testing/TestCase->call()
#47 C:/Users/STERLINK-OPS-LP/Documents/2608/sterlinknew/backend/tests/Feature/ExampleTest.php(4): Illuminate/Foundation/Testing/TestCase->get()
#48 C:/Users/STERLINK-OPS-LP/Documents/2608/sterlinknew/backend/vendor/pestphp/pest/src/Factories/TestCaseMethodFactory.php(135): P/Tests/Feature/ExampleTest->{closure:C:/Users/STERLINK-OPS-LP/Documents/2608/sterlinknew/backend/tests/Feature/ExampleTest.php:3}()
#49 [internal function]: P/Tests/Feature/ExampleTest->{closure:Pest/Factories/TestCaseMethodFactory::getClosure():125}()
#50 C:/Users/STERLINK-OPS-LP/Documents/2608/sterlinknew/backend/vendor/pestphp/pest/src/Concerns/Testable.php(508): call_user_func_array()
#51 C:/Users/STERLINK-OPS-LP/Documents/2608/sterlinknew/backend/vendor/pestphp/pest/src/Support/ExceptionTrace.php(24): P/Tests/Feature/ExampleTest->{closure:Pest/Concerns/Testable::__callClosure():508}()
#52 C:/Users/STERLINK-OPS-LP/Documents/2608/sterlinknew/backend/vendor/pestphp/pest/src/Concerns/Testable.php(508): Pest/Support/ExceptionTrace::ensure()
#53 C:/Users/STERLINK-OPS-LP/Documents/2608/sterlinknew/backend/vendor/pestphp/pest/src/Concerns/Testable.php(322): P/Tests/Feature/ExampleTest->__callClosure()
#54 C:/Users/STERLINK-OPS-LP/Documents/2608/sterlinknew/backend/vendor/pestphp/pest/src/Factories/TestCaseFactory.php(170) : eval()'d code(22): P/Tests/Feature/ExampleTest->__runTest()
#55 C:/Users/STERLINK-OPS-LP/Documents/2608/sterlinknew/backend/vendor/phpunit/phpunit/src/Framework/TestCase.php(1461): P/Tests/Feature/ExampleTest->__pest_evaluable_the_application_returns_a_successful_response()
#56 C:/Users/STERLINK-OPS-LP/Documents/2608/sterlinknew/backend/vendor/phpunit/phpunit/src/Framework/TestCase.php(1475): PHPUnit/Framework/TestCase->invokeTestMethod()
#57 C:/Users/STERLINK-OPS-LP/Documents/2608/sterlinknew/backend/vendor/phpunit/phpunit/src/Framework/TestCase.php(496): PHPUnit/Framework/TestCase->runTest()
#58 C:/Users/STERLINK-OPS-LP/Documents/2608/sterlinknew/backend/vendor/phpunit/phpunit/src/Framework/TestRunner/TestRunner.php(126): PHPUnit/Framework/TestCase->runBare()
#59 C:/Users/STERLINK-OPS-LP/Documents/2608/sterlinknew/backend/vendor/phpunit/phpunit/src/Framework/TestCase.php(328): PHPUnit/Framework/TestRunner/TestRunner->run()
#60 C:/Users/STERLINK-OPS-LP/Documents/2608/sterlinknew/backend/vendor/phpunit/phpunit/src/Framework/TestSuite.php(627): PHPUnit/Framework/TestCase->run()
#61 C:/Users/STERLINK-OPS-LP/Documents/2608/sterlinknew/backend/vendor/phpunit/phpunit/src/Framework/TestSuite.php(420): PHPUnit/Framework/TestSuite->runTests()
#62 C:/Users/STERLINK-OPS-LP/Documents/2608/sterlinknew/backend/vendor/phpunit/phpunit/src/Framework/TestSuite.php(627): PHPUnit/Framework/TestSuite->run()
#63 C:/Users/STERLINK-OPS-LP/Documents/2608/sterlinknew/backend/vendor/phpunit/phpunit/src/Framework/TestSuite.php(420): PHPUnit/Framework/TestSuite->runTests()
#64 C:/Users/STERLINK-OPS-LP/Documents/2608/sterlinknew/backend/vendor/phpunit/phpunit/src/Framework/TestSuite.php(627): PHPUnit/Framework/TestSuite->run()
#65 C:/Users/STERLINK-OPS-LP/Documents/2608/sterlinknew/backend/vendor/phpunit/phpunit/src/Framework/TestSuite.php(420): PHPUnit/Framework/TestSuite->runTests()
#66 C:/Users/STERLINK-OPS-LP/Documents/2608/sterlinknew/backend/vendor/phpunit/phpunit/src/TextUI/TestRunner.php(64): PHPUnit/Framework/TestSuite->run()
#67 C:/Users/STERLINK-OPS-LP/Documents/2608/sterlinknew/backend/vendor/phpunit/phpunit/src/TextUI/Application.php(255): PHPUnit/TextUI/TestRunner->run()
#68 C:/Users/STERLINK-OPS-LP/Documents/2608/sterlinknew/backend/vendor/pestphp/pest/src/Kernel.php(100): PHPUnit/TextUI/Application->run()
#69 C:/Users/STERLINK-OPS-LP/Documents/2608/sterlinknew/backend/vendor/pestphp/pest/bin/pest(207): Pest/Kernel->handle()
#70 C:/Users/STERLINK-OPS-LP/Documents/2608/sterlinknew/backend/vendor/pestphp/pest/bin/pest(215): {closure:C:/Users/STERLINK-OPS-LP/Documents/2608/sterlinknew/backend/vendor/pestphp/pest/bin/pest:21}()
#71 {main}
"} 
